---
source: core/tests/acl/src/lib.rs
assertion_line: 49
expression: resolved
---
Resolved {
    allowed_commands: {
        CommandKey {
            name: "plugin:ping|ping",
            context: Local,
        }: ResolvedCommand {
            windows: [
                "main",
            ],
            scope: 7912899488978770657,
        },
    },
    denied_commands: {},
    command_scope: {
        7912899488978770657: ResolvedScope {
            allow: [],
            deny: [],
        },
    },
    global_scope: ResolvedScope {
        allow: [],
        deny: [],
    },
}
